Handler SIGUSR1 configurado
Criadas 5 tarefas worker
Servidor iniciado. FIFO: /tmp/pacman_server, max_games: 5
Select timeout, voltando ao início do loop
Select timeout, voltando ao início do loop
Select timeout, voltando ao início do loop
Select timeout, voltando ao início do loop
Select timeout, voltando ao início do loop
Select timeout, voltando ao início do loop
Select timeout, voltando ao início do loop
Select timeout, voltando ao início do loop
Select timeout, voltando ao início do loop
Loop anfitriã executando (iteração 10)
Select timeout, voltando ao início do loop
Select timeout, voltando ao início do loop
Select timeout, voltando ao início do loop
Select timeout, voltando ao início do loop
Select timeout, voltando ao início do loop
Select timeout, voltando ao início do loop
Select timeout, voltando ao início do loop
Select timeout, voltando ao início do loop
Select timeout, voltando ao início do loop
Select timeout, voltando ao início do loop
Loop anfitriã executando (iteração 20)
Select timeout, voltando ao início do loop
Select timeout, voltando ao início do loop
Select timeout, voltando ao início do loop
Select timeout, voltando ao início do loop
Select timeout, voltando ao início do loop
Select timeout, voltando ao início do loop
Select timeout, voltando ao início do loop
Select timeout, voltando ao início do loop
Select timeout, voltando ao início do loop
Select timeout, voltando ao início do loop
Loop anfitriã executando (iteração 30)
Select timeout, voltando ao início do loop
Select timeout, voltando ao início do loop
Select timeout, voltando ao início do loop
Select timeout, voltando ao início do loop
Select timeout, voltando ao início do loop
Select timeout, voltando ao início do loop
Select retornou ready=1, tentando ler...
Anfitriã: Pedido de conexão recebido
  Pipe pedidos: /tmp/cliente2_request
  Pipe notificações: /tmp/cliente2_notification
Anfitriã: Pedido inserido no buffer
Select retornou ready=1, tentando ler...
Worker: A processar pedido de conexão
  Pipe pedidos: /tmp/cliente2_request
  Pipe notificações: /tmp/cliente2_notification
Cliente conectado com sucesso!
Cliente registado com ID 1 no slot 0
DIM = 10 x 10
TEMPO = 2000
PAC = levels/pacman.p
MON file: levels/1.m
Line: XXXXXXXXXX
Line: XooooooooX
Line: XooooooooX
Line: XooooooooX
Line: XooooooooX
Line: XooooooooX
Line: XooooooooX
Line: XooooooooX
Line: Xooooooo@X
Line: XXXXXXXXXX
Pacman passo: 1
Pacman Pos = 1 x 1
Ghost passo: 1
Ghost Pos = 4 x 1
Nível carregado: 10x10
Select retornou ready=1, tentando ler...
Anfitriã: Pedido de conexão recebido
  Pipe pedidos: /tmp/cliente1_request
  Pipe notificações: /tmp/cliente1_notification
Anfitriã: Pedido inserido no buffer
Select retornou ready=1, tentando ler...
Worker: A processar pedido de conexão
  Pipe pedidos: /tmp/cliente1_request
  Pipe notificações: /tmp/cliente1_notification
Cliente conectado com sucesso!
Cliente registado com ID 2 no slot 1
DIM = 10 x 10
TEMPO = 2000
PAC = levels/pacman.p
MON file: levels/1.m
Line: XXXXXXXXXX
Line: XooooooooX
Line: XooooooooX
Line: XooooooooX
Line: XooooooooX
Line: XooooooooX
Line: XooooooooX
Line: XooooooooX
Line: Xooooooo@X
Line: XXXXXXXXXX
Pacman passo: 1
Pacman Pos = 1 x 1
Ghost passo: 1
Ghost Pos = 4 x 1
Nível carregado: 10x10
