==========================================
  TESTE REAL SIGUSR1 - DEMONSTRAÇÃO
==========================================

[1/4] Iniciando servidor...
      Servidor PID: 4736
      ✓ Servidor rodando

[2/4] Criando dados simulados de clientes...

[3/4] Enviando SIGUSR1 ao servidor...
SIGUSR1 recebido!
      ✓ Sinal SIGUSR1 enviado com sucesso

[4/4] Verificando resultado...
      ❌ Ficheiro não foi criado

Verificando logs...
--- server-debug.log ---
Handler SIGUSR1 configurado
Criadas 2 tarefas worker
Servidor iniciado. FIFO: /tmp/pacman_server, max_games: 2

==========================================
  LIMPEZA
==========================================
✓ Concluído

NOTA: Para teste completo com clientes reais:
  1. ./bin/server levels 2 /tmp/pacman_server
  2. Em outros terminais: ./bin/client /tmp/pacman_server
  3. Jogar para acumular pontos
  4. kill -SIGUSR1 <PID_do_servidor>
  5. cat top5_clientes.txt

